[17:32:34] [main/INFO]: Loading Minecraft 26.3 with Fabric Loader 0.19.5
[17:32:34] [main/INFO]: Mappings not present!
[17:32:34] [ForkJoinPool-1-worker-11/WARN]: Mod punchy uses the version 2.8a which isn't compatible with Loader's extended semantic version format (Could not parse version number component '8a'!), SemVer is recommended for reliably evaluating dependencies and prioritizing newer version
[17:32:34] [main/WARN]: Warnings were found!
 - 模组 'Reese's Sodium Options' (reeses-sodium-options) 2.2.4+mc26.3 建议安装 sodium-extra 的 0.4.2 及以上版本，但没有安装它！
	 - 为了最佳体验，您应该安装 sodium-extra 的 0.4.2 及以上版本。
[17:32:34] [main/INFO]: Loading 110 mods:
	- architectury 22.0.1
	- cloth-config 26.3.158
	   \-- cloth-basic-math 0.6.1
	- controlling 26.3.1
	- dynamic_fps 3.11.10
	   |-- dynamic_fps_common 3.11.10
	   \-- net_lostluma_battery 2.1.0
	- euphoria_patcher 1.10.5-r5.9.3-fabric
	- fabric-api 0.160.7+26.3
	   |-- fabric-api-base 2.0.6+fcdff87f5d
	   |-- fabric-api-lookup-api-v1 2.0.24+3434d6d95d
	   |-- fabric-biome-api-v1 20.0.9+74ed1ea55d
	   |-- fabric-block-api-v1 3.1.0+0ae6f9115d
	   |-- fabric-block-getter-api-v2 2.0.9+3434d6d95d
	   |-- fabric-command-api-v2 3.1.2+fcdff87f5d
	   |-- fabric-content-registries-v0 15.0.4+74ed1ea55d
	   |-- fabric-convention-tags-v2 4.10.2+5a4e5fc65d
	   |-- fabric-crash-report-info-v1 1.0.7+fcdff87f5d
	   |-- fabric-creative-tab-api-v1 5.0.21+fcdff87f5d
	   |-- fabric-data-attachment-api-v1 2.2.30+3434d6d95d
	   |-- fabric-data-generation-api-v1 27.2.3+64902b845d
	   |-- fabric-debug-api-v1 1.0.4+3434d6d95d
	   |-- fabric-dimensions-v1 5.1.19+47f74c985d
	   |-- fabric-entity-events-v1 6.0.4+3434d6d95d
	   |-- fabric-events-interaction-v0 5.3.6+3434d6d95d
	   |-- fabric-game-rule-api-v1 4.0.10+3434d6d95d
	   |-- fabric-item-api-v1 14.7.0+cf6bc2db5d
	   |-- fabric-key-mapping-api-v1 2.0.8+3434d6d95d
	   |-- fabric-lifecycle-events-v1 4.1.9+ffef5f675d
	   |-- fabric-loot-api-v3 4.0.8+4068fd645d
	   |-- fabric-menu-api-v1 2.0.27+ed66f0a35d
	   |-- fabric-message-api-v1 7.0.10+3434d6d95d
	   |-- fabric-model-loading-api-v1 8.0.35+fcdff87f5d
	   |-- fabric-networking-api-v1 6.3.8+fcdff87f5d
	   |-- fabric-object-builder-api-v1 24.1.9+3434d6d95d
	   |-- fabric-particles-v1 5.0.24+3434d6d95d
	   |-- fabric-permission-api-v1 1.0.8+fcdff87f5d
	   |-- fabric-recipe-api-v1 10.0.8+fcdff87f5d
	   |-- fabric-registry-sync-v0 8.0.1+fcdff87f5d
	   |-- fabric-renderer-api-v1 17.0.15+79385d0b5d
	   |-- fabric-renderer-indigo 9.1.23+b9d63e335d
	   |-- fabric-rendering-fluids-v1 6.0.6+3434d6d95d
	   |-- fabric-rendering-v1 27.0.14+901a437c5d
	   |-- fabric-resource-conditions-api-v1 6.1.5+3434d6d95d
	   |-- fabric-resource-loader-v0 3.3.26+4fc5413f5d
	   |-- fabric-resource-loader-v1 3.0.4+fcdff87f5d
	   |-- fabric-screen-api-v1 5.2.4+48607d035d
	   |-- fabric-serialization-api-v1 2.0.7+74ed1ea55d
	   |-- fabric-sound-api-v1 2.0.7+3434d6d95d
	   |-- fabric-tag-api-v1 2.1.10+fcdff87f5d
	   |-- fabric-transfer-api-v1 8.0.25+fcdff87f5d
	   \-- fabric-transitive-access-wideners-v1 8.1.16+52268a0e5d
	- fabric-language-kotlin 1.14.1+kotlin.2.4.20
	   |-- org_jetbrains_kotlin_kotlin-reflect 2.4.20
	   |-- org_jetbrains_kotlin_kotlin-stdlib 2.4.20
	   |-- org_jetbrains_kotlin_kotlin-stdlib-jdk7 2.4.20
	   |-- org_jetbrains_kotlin_kotlin-stdlib-jdk8 2.4.20
	   |-- org_jetbrains_kotlinx_atomicfu-jvm 0.33.0
	   |-- org_jetbrains_kotlinx_kotlinx-coroutines-core-jvm 1.11.0
	   |-- org_jetbrains_kotlinx_kotlinx-coroutines-jdk8 1.11.0
	   |-- org_jetbrains_kotlinx_kotlinx-datetime-jvm 0.8.0
	   |-- org_jetbrains_kotlinx_kotlinx-io-bytestring-jvm 0.9.1
	   |-- org_jetbrains_kotlinx_kotlinx-io-core-jvm 0.9.1
	   |-- org_jetbrains_kotlinx_kotlinx-serialization-cbor-jvm 1.11.0
	   |-- org_jetbrains_kotlinx_kotlinx-serialization-core-jvm 1.11.0
	   \-- org_jetbrains_kotlinx_kotlinx-serialization-json-jvm 1.11.0
	- fabricloader 0.19.5
	   \-- mixinextras 0.5.5
	- forgeconfigapiport 26.3.0
	   |-- com_electronwill_night-config_core 3.8.4
	   \-- com_electronwill_night-config_toml 3.8.4
	- iris 1.11.6+mc26.3
	   |-- io_github_douira_glsl-transformer 3.0.0-pre3
	   |-- org_anarres_jcpp 1.4.14
	   \-- org_antlr_antlr4-runtime 4.13.1
	- jade 26.3.1+fabric
	- java 25
	- jei 31.1.0.13
	- mezz_config 0.6.1
	- minecraft 26.3
	- modmenu 21.0.0-beta.1
	- mousetweaks 2.31
	- placeholder-api 3.2.0+26.3
	- player_animation_library 1.2.7+mc.26.3
	   |-- org_redlance_common-utils_services 1.3.8
	   |-- org_redlance_mochafloats_lexer 6.0.1
	   |-- org_redlance_mochafloats_parser 6.0.1
	   \-- org_redlance_mochafloats_runtime 6.0.1
	- punchy 2.8a
	- reeses-sodium-options 2.2.4+mc26.3
	- searchables 1.0.2
	- sodium 0.9.2+mc26.3
	- tacz 1.1.8+fabric.26.3.R1
	   |-- com_github_figuramc_luaj_luaj-core 3.0.8-figura
	   |-- com_github_figuramc_luaj_luaj-jse 3.0.8-figura
	   |-- com_maydaymemory_mae 1.1.1
	   |-- org_apache_bcel_bcel 6.6.1
	   \-- org_apache_commons_commons-math3 3.6.1
	- tacztweaks 2.14.2+fabric.26.3.Beta-1
	- xaerominimap 26.5.3
	   \-- xaerolib 1.7.17
	- yet_another_config_lib_v3 3.9.7+26.3-fabric
	   |-- com_twelvemonkeys_common_common-image 3.12.0
	   |-- com_twelvemonkeys_common_common-io 3.12.0
	   |-- com_twelvemonkeys_common_common-lang 3.12.0
	   |-- com_twelvemonkeys_imageio_imageio-core 3.12.0
	   |-- com_twelvemonkeys_imageio_imageio-metadata 3.12.0
	   |-- com_twelvemonkeys_imageio_imageio-webp 3.12.0
	   |-- org_quiltmc_parsers_gson 0.2.1
	   \-- org_quiltmc_parsers_json 0.2.1
[17:32:35] [main/INFO]: SpongePowered MIXIN Subsystem Version=0.8.7 Source=file:/D:/DOWLOD/.minecraft/libraries/net/fabricmc/sponge-mixin/0.17.4+mixin.0.8.7/sponge-mixin-0.17.4+mixin.0.8.7.jar Service=Knot/Fabric Env=CLIENT
[17:32:35] [main/WARN]: Reference map 'controlling.refmap.json' for controlling.mixins.json could not be read. If this is a development environment you can ignore this message
[17:32:35] [main/WARN]: Reference map 'iris.refmap.json' for mixins.iris.json could not be read. If this is a development environment you can ignore this message
[17:32:35] [main/WARN]: Reference map 'iris-fabric.refmap.json' for mixins.iris.fabric.json could not be read. If this is a development environment you can ignore this message
[17:32:35] [main/WARN]: Reference map 'iris.refmap.json' for mixins.iris.vertexformat.json could not be read. If this is a development environment you can ignore this message
[17:32:35] [main/WARN]: Reference map 'iris.refmap.json' for mixins.iris.bettermipmaps.json could not be read. If this is a development environment you can ignore this message
[17:32:35] [main/WARN]: Reference map 'iris.refmap.json' for mixins.iris.compat.sodium.json could not be read. If this is a development environment you can ignore this message
[17:32:35] [main/WARN]: Reference map 'iris.refmap.json' for mixins.iris.fixes.maxfpscrash.json could not be read. If this is a development environment you can ignore this message
[17:32:35] [main/WARN]: Reference map 'reeses-sodium-options.refmap.json' for reeses-sodium-options.mixins.json could not be read. If this is a development environment you can ignore this message
[17:32:35] [main/WARN]: Reference map 'searchables.refmap.json' for searchables.mixins.json could not be read. If this is a development environment you can ignore this message
[17:32:35] [main/WARN]: Reference map 'searchables.refmap.json' for searchables.fabric.mixins.json could not be read. If this is a development environment you can ignore this message
[17:32:35] [main/INFO]: Loaded configuration file for Sodium: 37 options available, 1 override(s) found
[17:32:35] [main/INFO]: [TACZ Scope] Iris compat mixin config loaded: package=com.tacz.guns.mixin.client.iris, irisLoaded=true
[17:32:35] [main/WARN]: Reference map 'xaerolib.refmap.json' for xaerolib.mixins.json could not be read. If this is a development environment you can ignore this message
[17:32:35] [main/WARN]: Reference map 'yet_another_config_lib_v3.refmap.json' for yacl.mixins.json could not be read. If this is a development environment you can ignore this message
[17:32:35] [main/WARN]: Reference map 'yet_another_config_lib_v3.refmap.json' for yacl-fabric.mixins.json could not be read. If this is a development environment you can ignore this message
[17:32:36] [main/WARN]: Error loading class: fuzs/swordblockingmechanics/common/handler/SwordBlockingHandler (java.lang.ClassNotFoundException: fuzs/swordblockingmechanics/common/handler/SwordBlockingHandler)
[17:32:36] [main/WARN]: Error loading class: fuzs/swordblockingmechanics/common/client/handler/FirstPersonRenderingHandler (java.lang.ClassNotFoundException: fuzs/swordblockingmechanics/common/client/handler/FirstPersonRenderingHandler)
[17:32:36] [main/WARN]: Error loading class: net/bettercombat/logic/WeaponRegistry (java.lang.ClassNotFoundException: net/bettercombat/logic/WeaponRegistry)
[17:32:36] [main/WARN]: Force-disabling mixin 'features.render.world.sky.LevelRendererMixin' as rule 'mixin.features.render.world.sky' (added by mods [iris]) disables it and children
[17:32:36] [main/INFO]: [TACZ Scope] Iris compat mixin decision: apply=true, firstMixin=com.tacz.guns.mixin.client.iris.IrisShaderCreatorMixin, firstTarget=net.irisshaders.iris.pipeline.programs.ShaderCreator
[17:32:36] [main/INFO]: Searching for graphics cards...
[17:32:36] [main/INFO]: Found graphics adapter: AdapterInfo{vendor=AMD, description='AMD Radeon(TM) Graphics', adapterType=0x00002303, openglIcdFilePath='C:\Windows\System32\DriverStore\FileRepository\u0203303.inf_amd64_e5876a26758f154c\B026363\atig6pxx.dll', openglIcdVersion=32.0.21045.5002}
[17:32:36] [main/INFO]: Found graphics adapter: AdapterInfo{vendor=AMD, description='AMD  Radeon RX 7800 XT', adapterType=0x0000230B, openglIcdFilePath='C:\Windows\System32\DriverStore\FileRepository\u0203304.inf_amd64_a6e5a337568ce3f0\B026373\atig6pxx.dll', openglIcdVersion=32.0.31041.1004}
[17:32:36] [main/WARN]: Sodium has applied one or more workarounds to prevent crashes or other issues on your system: [AMD_GAME_OPTIMIZATION_BROKEN]
[17:32:36] [main/WARN]: This is not necessarily an issue, but it may result in certain features or optimizations being disabled. You can sometimes fix these issues by upgrading your graphics driver.
[17:32:36] [main/INFO]: Initializing MixinExtras via com.llamalad7.mixinextras.service.MixinExtrasServiceImpl(version=0.5.5).

Euphoria Patcher:
[17:32:38] [main/INFO]: EuphoriaPatcher: [UPDATE CHECKER] The EuphoriaPatcher Mod is up to date
[17:32:38] [main/INFO]: EuphoriaPatcher: Next, it's your turn.
[17:32:38] [main/INFO]: EuphoriaPatcher: EuphoriaPatches_1.10.5 is already installed.

 
EuphoriaPatcher: Thank you for using Euphoria Patches - SpacEagle17

 
[17:32:39] [Datafixer Bootstrap #0/INFO]: 307 Datafixer optimizations took 182 milliseconds
[17:32:39] [main/WARN]: Invalid registry value type detected for PerfOS counters. Should be REG_DWORD. Ignoring: HKEY_LOCAL_MACHINE\SYSTEM\CurrentControlSet\Services\PerfOS\Performance\Disable Performance Counters.
[17:32:43] [Render thread/INFO]: Environment: Environment[discoveryUrl=https://discovery.minecraftservices.com/minecraft/client, name=PROD]
[17:32:43] [Render thread/INFO]: Setting user: GOOSTL
[17:32:43] [Render thread/INFO]: Registered synced data key tacz:shoot_cool_down for minecraft:living_entity
[17:32:43] [Render thread/INFO]: Registered synced data key tacz:melee_cool_down for minecraft:living_entity
[17:32:43] [Render thread/INFO]: Registered synced data key tacz:reload_state for minecraft:living_entity
[17:32:43] [Render thread/INFO]: Registered synced data key tacz:aiming_progress for minecraft:living_entity
[17:32:43] [Render thread/INFO]: Registered synced data key tacz:draw_cool_down for minecraft:living_entity
[17:32:43] [Render thread/INFO]: Registered synced data key tacz:is_aiming for minecraft:living_entity
[17:32:43] [Render thread/INFO]: Registered synced data key tacz:sprint_time for minecraft:living_entity
[17:32:43] [Render thread/INFO]: Registered synced data key tacz:is_bolting for minecraft:living_entity
[17:32:43] [Render thread/INFO]: Registered synced data key tacz:throwable_using for minecraft:living_entity
[17:32:43] [Render thread/INFO]: LRTactical (unofficial 26.2 port) initialized
[17:32:43] [Render thread/INFO]: [TACZ Recipe Sync] Opted 23 recipe serializer(s) into Fabric recipe sync (so dedicated servers without JEI still send vanilla-type recipes to client JEI).
---- Minecraft Crash Report ----
// Don't be sad, have a hug! <3

Time: 2026-09-22 17:32:44
Description: Initializing game

java.lang.RuntimeException: Could not execute entrypoint stage 'main' due to errors, provided by 'tacztweaks' at 'me.muksc.tacztweaks.TaCZTweaks'!
	at net.fabricmc.loader.impl.FabricLoaderImpl.lambda$invokeEntrypoints$0(FabricLoaderImpl.java:413)
	at net.fabricmc.loader.impl.util.ExceptionUtil.gatherExceptions(ExceptionUtil.java:33)
	at net.fabricmc.loader.impl.FabricLoaderImpl.invokeEntrypoints(FabricLoaderImpl.java:411)
	at net.fabricmc.loader.impl.game.minecraft.Hooks.startClient(Hooks.java:52)
	at knot//net.minecraft.client.Minecraft.<init>(Minecraft.java:469)
	at knot//net.minecraft.client.main.Main.main(Main.java:278)
	at net.fabricmc.loader.impl.game.minecraft.MinecraftGameProvider.launch(MinecraftGameProvider.java:517)
	at net.fabricmc.loader.impl.launch.knot.Knot.launch(Knot.java:72)
	at net.fabricmc.loader.impl.launch.knot.KnotClient.main(KnotClient.java:23)
Caused by: java.lang.IllegalStateException: TaCZ Tweaks requires TaCZ 1.1.8+fabric.26.2.R2 or a later R<n> build for Minecraft 26.2, found 1.1.8+fabric.26.3.R1
	at knot//me.muksc.tacztweaks.TaCZTweaks.onInitialize(TaCZTweaks.java:75)
	at net.fabricmc.loader.impl.FabricLoaderImpl.invokeEntrypoints(FabricLoaderImpl.java:409)
	... 6 more


A detailed walkthrough of the error, its code path and all known details is as follows:
---------------------------------------------------------------------------------------

-- Head --
Thread: Render thread
Stacktrace:
	at net.fabricmc.loader.impl.FabricLoaderImpl.lambda$invokeEntrypoints$0(FabricLoaderImpl.java:413)
	at net.fabricmc.loader.impl.util.ExceptionUtil.gatherExceptions(ExceptionUtil.java:33)
	at net.fabricmc.loader.impl.FabricLoaderImpl.invokeEntrypoints(FabricLoaderImpl.java:411)
	at net.fabricmc.loader.impl.game.minecraft.Hooks.startClient(Hooks.java:52)
	at knot//net.minecraft.client.Minecraft.<init>(Minecraft.java:469)

-- Initialization --
Details:
	Modules: 
		ADVAPI32.dll:高级 Windows 32 基本 API:10.0.26100.8875 (WinBuild.160101.0800):Microsoft Corporation
		AVRT.dll:多媒体实时运行时:10.0.26100.8875 (WinBuild.160101.0800):Microsoft Corporation
		CFGMGR32.dll:Configuration Manager DLL:10.0.26100.9278 (WinBuild.160101.0800):Microsoft Corporation
		COMCTL32.dll:用户体验控件库:6.10 (WinBuild.160101.0800):Microsoft Corporation
		CRYPT32.dll:加密 API32:10.0.26100.8875 (WinBuild.160101.0800):Microsoft Corporation
		CRYPTBASE.dll:Base cryptographic API DLL:10.0.26100.9444 (WinBuild.160101.0800):Microsoft Corporation
		CRYPTSP.dll:Cryptographic Service Provider API:10.0.26100.9444 (WinBuild.160101.0800):Microsoft Corporation
		DBGHELP.DLL:Windows Image Helper:10.0.26100.9444 (WinBuild.160101.0800):Microsoft Corporation
		DNSAPI.dll:DNS 客户端 API DLL:10.0.26100.9278 (WinBuild.160101.0800):Microsoft Corporation
		DSPARSE.dll:Active Directory Domain Services API:10.0.26100.1 (WinBuild.160101.0800):Microsoft Corporation
		DWrite.dll:Microsoft DirectX 版式服务:10.0.26100.8875 (WinBuild.160101.0800):Microsoft Corporation
		GDI32.dll:GDI Client DLL:10.0.26100.8328 (WinBuild.160101.0800):Microsoft Corporation
		GLU32.dll:OpenGL 实用工具库 DLL:10.0.26100.8875 (WinBuild.160101.0800):Microsoft Corporation
		IMM32.DLL:Multi-User Windows IMM32 API Client DLL:10.0.26100.9278 (WinBuild.160101.0800):Microsoft Corporation
		IPHLPAPI.DLL:IP 帮助程序 API:10.0.26100.8875 (WinBuild.160101.0800):Microsoft Corporation
		KERNEL32.DLL:Windows NT 基本 API 客户端 DLL:10.0.26100.9278 (WinBuild.160101.0800):Microsoft Corporation
		KERNELBASE.dll:Windows NT 基本 API 客户端 DLL:10.0.26100.9278 (WinBuild.160101.0800):Microsoft Corporation
		NSI.dll:NSI User-mode interface DLL:10.0.26100.9444 (WinBuild.160101.0800):Microsoft Corporation
		NTASN1.dll:Microsoft ASN.1 API:10.0.26100.1 (WinBuild.160101.0800):Microsoft Corporation
		OLEAUT32.dll:OLEAUT32.DLL:10.0.26100.9278 (WinBuild.160101.0800):Microsoft Corporation
		OpenAL.dll:Main implementation library:1.25.2:
		POWRPROF.dll:电源配置文件帮助程序 DLL:10.0.26100.8875 (WinBuild.160101.0800):Microsoft Corporation
		PSAPI.DLL:Process Status Helper:10.0.26100.8521 (WinBuild.160101.0800):Microsoft Corporation
		Pdh.dll:Windows 性能数据助手 DLL:10.0.26100.8875 (WinBuild.160101.0800):Microsoft Corporation
		RPCRT4.dll:远程过程调用运行时:10.0.26100.8875 (WinBuild.160101.0800):Microsoft Corporation
		SDL3.dll:SDL:3, 4, 14, 0:
		SETUPAPI.dll:Windows 安装程序 API:10.0.26100.8875 (WinBuild.160101.0800):Microsoft Corporation
		SHCORE.dll:SHCORE:10.0.26100.8875 (WinBuild.160101.0800):Microsoft Corporation
		SHELL32.dll:Windows Shell 公用 DLL:10.0.26100.9278 (WinBuild.160101.0800):Microsoft Corporation
		SspiCli.dll:Security Support Provider Interface:10.0.26100.9278 (WinBuild.160101.0800):Microsoft Corporation
		UMPDC.dll:User Mode Power Dependency Coordinator:10.0.26100.8972 (WinBuild.160101.0800):Microsoft Corporation
		USER32.dll:多用户 Windows 用户 API 客户端 DLL:10.0.26100.8875 (WinBuild.160101.0800):Microsoft Corporation
		USERENV.dll:Userenv:10.0.26100.8875 (WinBuild.160101.0800):Microsoft Corporation
		USP10.dll:Uniscribe Unicode script processor:10.0.26100.1 (WinBuild.160101.0800):Microsoft Corporation
		VCRUNTIME140.dll:Microsoft® C Runtime Library:14.40.33810.0:Microsoft Corporation
		VERSION.dll:Version Checking and File Installation Libraries:10.0.26100.1150 (WinBuild.160101.0800):Microsoft Corporation
		WINMM.dll:MCI API DLL:10.0.26100.8875 (WinBuild.160101.0800):Microsoft Corporation
		WINSTA.dll:Winstation Library:10.0.26100.9278 (WinBuild.160101.0800):Microsoft Corporation
		WS2_32.dll:Windows Socket 2.0 32 位 DLL:10.0.26100.8875 (WinBuild.160101.0800):Microsoft Corporation
		Wtsapi32.dll:Windows Remote Desktop Session Host Server SDK APIs:10.0.26100.9278 (WinBuild.160101.0800):Microsoft Corporation
		amsi.dll:Anti-Malware Scan Interface:10.0.26100.7309 (WinBuild.160101.0800):Microsoft Corporation
		bcrypt.dll:Windows 加密基元库:10.0.26100.8875 (WinBuild.160101.0800):Microsoft Corporation
		bcryptPrimitives.dll:Windows Cryptographic Primitives Library:10.0.26100.9444 (WinBuild.160101.0800):Microsoft Corporation
		clbcatq.dll:COM+ Configuration Catalog:2001.12.10941.16384 (WinBuild.160101.0800):Microsoft Corporation
		combase.dll:用于 Windows 的 Microsoft COM:10.0.26100.8875 (WinBuild.160101.0800):Microsoft Corporation
		dbgcore.DLL:Windows Core Debugging Helpers:10.0.26100.9444 (WinBuild.160101.0800):Microsoft Corporation
		dxcore.dll:DXCore:10.0.26100.9278 (WinBuild.160101.0800):Microsoft Corporation
		extnet.dll:OpenJDK Platform binary:25.0.3.0:Eclipse Adoptium
		freetype.dll:Font Rendering Library:2.14.3:The FreeType Project
		fwpuclnt.dll:FWP/IPsec 用户模式 API:10.0.26100.8875 (WinBuild.160101.0800):Microsoft Corporation
		gdi32full.dll:GDI Client DLL:10.0.26100.9444 (WinBuild.160101.0800):Microsoft Corporation
		java.dll:OpenJDK Platform binary:25.0.3.0:Eclipse Adoptium
		java.exe:OpenJDK Platform binary:25.0.3.0:Eclipse Adoptium
		jemalloc.dll
		jimage.dll:OpenJDK Platform binary:25.0.3.0:Eclipse Adoptium
		jli.dll:OpenJDK Platform binary:25.0.3.0:Eclipse Adoptium
		jna13876237059101182590.dll:JNA native library:7.0.2:Java(TM) Native Access (JNA)
		jvm.dll:OpenJDK 64-Bit server VM:25.0.3.0:Eclipse Adoptium
		kernel.appcore.dll:AppModel API Host:10.0.26100.9278 (WinBuild.160101.0800):Microsoft Corporation
		lwjgl.dll
		lwjgl_opengl.dll
		lwjgl_stb.dll
		lwjgl_vma.dll
		management.dll:OpenJDK Platform binary:25.0.3.0:Eclipse Adoptium
		management_ext.dll:OpenJDK Platform binary:25.0.3.0:Eclipse Adoptium
		mdnsNSP.dll:Bonjour Namespace Provider:3,1,0,1:Apple Inc.
		msvcp140.dll:Microsoft® C Runtime Library:14.40.33810.0:Microsoft Corporation
		msvcp_win.dll:Microsoft® C Runtime Library:10.0.26100.9444 (WinBuild.160101.0800):Microsoft Corporation
		msvcrt.dll:Windows NT CRT DLL:7.0.26100.9444 (WinBuild.160101.0800):Microsoft Corporation
		mswsock.dll:Microsoft Windows Sockets 2.0 服务提供程序:10.0.26100.8875 (WinBuild.160101.0800):Microsoft Corporation
		napinsp.dll:电子邮件命名填充提供程序:10.0.26100.8875 (WinBuild.160101.0800):Microsoft Corporation
		ncrypt.dll:Windows NCrypt 路由器:10.0.26100.8875 (WinBuild.160101.0800):Microsoft Corporation
		net.dll:OpenJDK Platform binary:25.0.3.0:Eclipse Adoptium
		nio.dll:OpenJDK Platform binary:25.0.3.0:Eclipse Adoptium
		nlansp_c.dll:NLA Namespace Service Provider DLL:10.0.26100.9278 (WinBuild.160101.0800):Microsoft Corporation
		ntdll.dll:NT 层 DLL:10.0.26100.9278 (WinBuild.160101.0800):Microsoft Corporation
		ole32.dll:用于 Windows 的 Microsoft OLE:10.0.26100.8875 (WinBuild.160101.0800):Microsoft Corporation
		opengl32.dll:OpenGL Client DLL:10.0.26100.9278 (WinBuild.160101.0800):Microsoft Corporation
		perfos.dll:Windows 系统性能对象 DLL:10.0.26100.8875 (WinBuild.160101.0800):Microsoft Corporation
		perfproc.dll:Windows 系统进程性能对象 DLL:10.0.26100.8875 (WinBuild.160101.0800):Microsoft Corporation
		pfclient.dll:SysMain Client:10.0.26100.4202 (WinBuild.160101.0800):Microsoft Corporation
		profapi.dll:User Profile Basic API:10.0.26100.9444 (WinBuild.160101.0800):Microsoft Corporation
		rasadhlp.dll:Remote Access AutoDial Helper:10.0.26100.7920 (WinBuild.160101.0800):Microsoft Corporation
		rsaenh.dll:Microsoft Enhanced Cryptographic Provider:10.0.26100.1 (WinBuild.160101.0800):Microsoft Corporation
		sechost.dll:Host for SCM/SDDL/LSA Lookup APIs:10.0.26100.1 (WinBuild.160101.0800):Microsoft Corporation
		shaderc.dll
		shlwapi.dll:外壳简易实用工具库:10.0.26100.8875 (WinBuild.160101.0800):Microsoft Corporation
		spirv-cross.dll
		sunmscapi.dll:OpenJDK Platform binary:25.0.3.0:Eclipse Adoptium
		syslookup.dll:OpenJDK Platform binary:25.0.3.0:Eclipse Adoptium
		ucrtbase.dll:Microsoft® C Runtime Library:10.0.26100.9444 (WinBuild.160101.0800):Microsoft Corporation
		vcruntime140_1.dll:Microsoft® C Runtime Library:14.40.33810.0:Microsoft Corporation
		verify.dll:OpenJDK Platform binary:25.0.3.0:Eclipse Adoptium
		vulkan-1.dll:Vulkan Loader:1.4.341.0:
		win32u.dll:Win32u:10.0.26100.9444 (WinBuild.160101.0800):Microsoft Corporation
		windows.storage.dll:Microsoft WinRT Storage API:10.0.26100.9278 (WinBuild.160101.0800):Microsoft Corporation
		winrnr.dll:LDAP RnR Provider DLL:10.0.26100.9278 (WinBuild.160101.0800):Microsoft Corporation
		wshbth.dll:Windows Sockets Helper DLL:10.0.26100.8875 (WinBuild.160101.0800):Microsoft Corporation
		zip.dll:OpenJDK Platform binary:25.0.3.0:Eclipse Adoptium
Stacktrace:
	at knot//net.minecraft.client.main.Main.main(Main.java:278)
	at net.fabricmc.loader.impl.game.minecraft.MinecraftGameProvider.launch(MinecraftGameProvider.java:517)
	at net.fabricmc.loader.impl.launch.knot.Knot.launch(Knot.java:72)
	at net.fabricmc.loader.impl.launch.knot.KnotClient.main(KnotClient.java:23)

-- System Details --
Details:
	Minecraft Version: 26.3
	Minecraft Version ID: 26.3
	Operating System: Windows 11 (amd64) version 10.0
	Java Version: 25.0.3, Eclipse Adoptium
	Java VM Version: OpenJDK 64-Bit Server VM (mixed mode, sharing), Eclipse Adoptium
	Memory: 70076712 bytes (66 MiB) / 402653184 bytes (384 MiB) up to 8724152320 bytes (8320 MiB)
	Memory (heap): init: 512MiB, used: 291MiB, committed: 384MiB, max: 8320MiB
	Memory (non-heap): init: 007MiB, used: 160MiB, committed: 165MiB, max: 000MiB
	CPUs: 16
	Processor Vendor: AuthenticAMD
	Processor Name: AMD Ryzen 7 7700 8-Core Processor              
	Identifier: AuthenticAMD Family 25 Model 97 Stepping 2
	Microarchitecture: Zen 3
	Frequency (GHz): 3.79
	Number of physical packages: 1
	Number of physical CPUs: 8
	Number of logical CPUs: 16
	Graphics card #0 name: AMD  Radeon RX 7800 XT
	Graphics card #0 vendor: Advanced Micro Devices, Inc.
	Graphics card #0 VRAM (MiB): 16368.00
	Graphics card #0 deviceId: VideoController1
	Graphics card #0 versionInfo: 32.0.31041.1004
	Graphics card #1 name: AMD Radeon(TM) Graphics
	Graphics card #1 vendor: Advanced Micro Devices, Inc.
	Graphics card #1 VRAM (MiB): 512.00
	Graphics card #1 deviceId: VideoController2
	Graphics card #1 versionInfo: 32.0.21045.5002
	Memory slot #0 capacity (MiB): 16384.00
	Memory slot #0 clockSpeed (GHz): 4.80
	Memory slot #0 type: DDR5
	Memory slot #1 capacity (MiB): 16384.00
	Memory slot #1 clockSpeed (GHz): 4.80
	Memory slot #1 type: DDR5
	Virtual memory max (MiB): 64605.93
	Virtual memory used (MiB): 15657.43
	Swap memory total (MiB): 32784.00
	Swap memory used (MiB): 872.27
	Space in storage for jna.tmpdir (MiB): available: 354665.88, total: 684062.94
	Space in storage for org.lwjgl.system.SharedLibraryExtractPath (MiB): available: 354665.88, total: 684062.94
	Space in storage for io.netty.native.workdir (MiB): available: 354665.88, total: 684062.94
	Space in storage for java.io.tmpdir (MiB): available: 111006.38, total: 269803.38
	Space in storage for workdir (MiB): available: 354665.88, total: 684062.94
	Operating System Version: Microsoft Windows 11 (Home) build 26200
	Process Elevated: false
	Process Loads: Uptime: 11s, user: 25s (222.72%), kernel: 4s (32.60%), total: 29s (255.32%)
	Process Virtual Size (MiB): 2319.85
	Process Resident Size (MiB): 661.96
	JVM Flags: 14 total; -XX:HeapDumpPath=MojangTricksIntelDriversForPerformance_javaw.exe_minecraft.exe.heapdump -XX:StackShadowPages=32 -XX:-OmitStackTraceInFastThrow -Xmx8294m -XX:+UnlockExperimentalVMOptions -XX:+UseCompactObjectHeaders -XX:+UseG1GC -XX:G1NewSizePercent=20 -XX:G1ReservePercent=20 -XX:G1HeapRegionSize=32M -XX:MaxGCPauseMillis=50 -XX:+PerfDisableSharedMem -XX:MinHeapFreeRatio=25 -XX:MaxHeapFreeRatio=40
	Debug Flags: 0 total; 
	Fabric Mods: 
		architectury: Architectury 22.0.1
		cloth-config: Cloth Config v26.3 26.3.158
			cloth-basic-math: cloth-basic-math 0.6.1
		controlling: Controlling 26.3.1
		dynamic_fps: Dynamic FPS 3.11.10
			dynamic_fps_common: Dynamic FPS Common 3.11.10
			net_lostluma_battery: battery 2.1.0
		euphoria_patcher: Euphoria Patcher 1.10.5-r5.9.3-fabric
		fabric-api: Fabric API 0.160.7+26.3
			fabric-api-base: Fabric API Base 2.0.6+fcdff87f5d
			fabric-api-lookup-api-v1: Fabric API Lookup API (v1) 2.0.24+3434d6d95d
			fabric-biome-api-v1: Fabric Biome API (v1) 20.0.9+74ed1ea55d
			fabric-block-api-v1: Fabric Block API (v1) 3.1.0+0ae6f9115d
			fabric-block-getter-api-v2: Fabric BlockGetter API (v2) 2.0.9+3434d6d95d
			fabric-command-api-v2: Fabric Command API (v2) 3.1.2+fcdff87f5d
			fabric-content-registries-v0: Fabric Content Registries (v0) 15.0.4+74ed1ea55d
			fabric-convention-tags-v2: Fabric Convention Tags (v2) 4.10.2+5a4e5fc65d
			fabric-crash-report-info-v1: Fabric Crash Report Info (v1) 1.0.7+fcdff87f5d
			fabric-creative-tab-api-v1: Fabric Creative Tab API (v1) 5.0.21+fcdff87f5d
			fabric-data-attachment-api-v1: Fabric Data Attachment API (v1) 2.2.30+3434d6d95d
			fabric-data-generation-api-v1: Fabric Data Generation API (v1) 27.2.3+64902b845d
			fabric-debug-api-v1: Fabric Debug API (v1) 1.0.4+3434d6d95d
			fabric-dimensions-v1: Fabric Dimensions API (v1) 5.1.19+47f74c985d
			fabric-entity-events-v1: Fabric Entity Events (v1) 6.0.4+3434d6d95d
			fabric-events-interaction-v0: Fabric Events Interaction (v0) 5.3.6+3434d6d95d
			fabric-game-rule-api-v1: Fabric Game Rule API (v1) 4.0.10+3434d6d95d
			fabric-item-api-v1: Fabric Item API (v1) 14.7.0+cf6bc2db5d
			fabric-key-mapping-api-v1: Fabric Key Mapping API (v1) 2.0.8+3434d6d95d
			fabric-lifecycle-events-v1: Fabric Lifecycle Events (v1) 4.1.9+ffef5f675d
			fabric-loot-api-v3: Fabric Loot API (v3) 4.0.8+4068fd645d
			fabric-menu-api-v1: Fabric Menu API (v1) 2.0.27+ed66f0a35d
			fabric-message-api-v1: Fabric Message API (v1) 7.0.10+3434d6d95d
			fabric-model-loading-api-v1: Fabric Model Loading API (v1) 8.0.35+fcdff87f5d
			fabric-networking-api-v1: Fabric Networking API (v1) 6.3.8+fcdff87f5d
			fabric-object-builder-api-v1: Fabric Object Builder API (v1) 24.1.9+3434d6d95d
			fabric-particles-v1: Fabric Particles (v1) 5.0.24+3434d6d95d
			fabric-permission-api-v1: Fabric Permission API (v1) 1.0.8+fcdff87f5d
			fabric-recipe-api-v1: Fabric Recipe API (v1) 10.0.8+fcdff87f5d
			fabric-registry-sync-v0: Fabric Registry Sync (v0) 8.0.1+fcdff87f5d
			fabric-renderer-api-v1: Fabric Renderer API (v1) 17.0.15+79385d0b5d
			fabric-renderer-indigo: Fabric Renderer - Indigo 9.1.23+b9d63e335d
			fabric-rendering-fluids-v1: Fabric Rendering Fluids (v1) 6.0.6+3434d6d95d
			fabric-rendering-v1: Fabric Rendering (v1) 27.0.14+901a437c5d
			fabric-resource-conditions-api-v1: Fabric Resource Conditions API (v1) 6.1.5+3434d6d95d
			fabric-resource-loader-v0: Fabric Resource Loader (v0) 3.3.26+4fc5413f5d
			fabric-resource-loader-v1: Fabric Resource Loader (v1) 3.0.4+fcdff87f5d
			fabric-screen-api-v1: Fabric Screen API (v1) 5.2.4+48607d035d
			fabric-serialization-api-v1: Fabric Serialization API (v1) 2.0.7+74ed1ea55d
			fabric-sound-api-v1: Fabric Sound API (v1) 2.0.7+3434d6d95d
			fabric-tag-api-v1: Fabric Tag API (v1) 2.1.10+fcdff87f5d
			fabric-transfer-api-v1: Fabric Transfer API (v1) 8.0.25+fcdff87f5d
			fabric-transitive-access-wideners-v1: Fabric Transitive Access Wideners (v1) 8.1.16+52268a0e5d
		fabric-language-kotlin: Fabric Language Kotlin 1.14.1+kotlin.2.4.20
			org_jetbrains_kotlin_kotlin-reflect: kotlin-reflect 2.4.20
			org_jetbrains_kotlin_kotlin-stdlib: kotlin-stdlib 2.4.20
			org_jetbrains_kotlin_kotlin-stdlib-jdk7: kotlin-stdlib-jdk7 2.4.20
			org_jetbrains_kotlin_kotlin-stdlib-jdk8: kotlin-stdlib-jdk8 2.4.20
			org_jetbrains_kotlinx_atomicfu-jvm: atomicfu-jvm 0.33.0
			org_jetbrains_kotlinx_kotlinx-coroutines-core-jvm: kotlinx-coroutines-core-jvm 1.11.0
			org_jetbrains_kotlinx_kotlinx-coroutines-jdk8: kotlinx-coroutines-jdk8 1.11.0
			org_jetbrains_kotlinx_kotlinx-datetime-jvm: kotlinx-datetime-jvm 0.8.0
			org_jetbrains_kotlinx_kotlinx-io-bytestring-jvm: kotlinx-io-bytestring-jvm 0.9.1
			org_jetbrains_kotlinx_kotlinx-io-core-jvm: kotlinx-io-core-jvm 0.9.1
			org_jetbrains_kotlinx_kotlinx-serialization-cbor-jvm: kotlinx-serialization-cbor-jvm 1.11.0
			org_jetbrains_kotlinx_kotlinx-serialization-core-jvm: kotlinx-serialization-core-jvm 1.11.0
			org_jetbrains_kotlinx_kotlinx-serialization-json-jvm: kotlinx-serialization-json-jvm 1.11.0
		fabricloader: Fabric Loader 0.19.5
			mixinextras: MixinExtras 0.5.5
		forgeconfigapiport: Forge Config API Port 26.3.0
			com_electronwill_night-config_core: core 3.8.4
			com_electronwill_night-config_toml: toml 3.8.4
		iris: Iris 1.11.6+mc26.3
			io_github_douira_glsl-transformer: glsl-transformer 3.0.0-pre3
			org_anarres_jcpp: jcpp 1.4.14
			org_antlr_antlr4-runtime: antlr4-runtime 4.13.1
		jade: Jade 26.3.1+fabric
		java: OpenJDK 64-Bit Server VM 25
		jei: Just Enough Items 31.1.0.13
		mezz_config: MezzConfig 0.6.1
		minecraft: Minecraft 26.3
		modmenu: Mod Menu 21.0.0-beta.1
		mousetweaks: Mouse Tweaks 2.31
		placeholder-api: Placeholder API 3.2.0+26.3
		player_animation_library: Player Animation Library 1.2.7+mc.26.3
			org_redlance_common-utils_services: services 1.3.8
			org_redlance_mochafloats_lexer: lexer 6.0.1
			org_redlance_mochafloats_parser: parser 6.0.1
			org_redlance_mochafloats_runtime: runtime 6.0.1
		punchy: Punchy 2.8a
		reeses-sodium-options: Reese's Sodium Options 2.2.4+mc26.3
		searchables: Searchables 1.0.2
		sodium: Sodium 0.9.2+mc26.3
		tacz: [UNOFFICIAL] TaCZ Refabricated (26.3 R1) 1.1.8+fabric.26.3.R1
			com_github_figuramc_luaj_luaj-core: luaj-core 3.0.8-figura
			com_github_figuramc_luaj_luaj-jse: luaj-jse 3.0.8-figura
			com_maydaymemory_mae: mae 1.1.1
			org_apache_bcel_bcel: bcel 6.6.1
			org_apache_commons_commons-math3: commons-math3 3.6.1
		tacztweaks: TaCZ Tweaks (Refabricated) 2.14.2+fabric.26.3.Beta-1
		xaerominimap: Xaero's Minimap 26.5.3
			xaerolib: XaeroLib 1.7.17
		yet_another_config_lib_v3: YetAnotherConfigLib 3.9.7+26.3-fabric
			com_twelvemonkeys_common_common-image: common-image 3.12.0
			com_twelvemonkeys_common_common-io: common-io 3.12.0
			com_twelvemonkeys_common_common-lang: common-lang 3.12.0
			com_twelvemonkeys_imageio_imageio-core: imageio-core 3.12.0
			com_twelvemonkeys_imageio_imageio-metadata: imageio-metadata 3.12.0
			com_twelvemonkeys_imageio_imageio-webp: imageio-webp 3.12.0
			org_quiltmc_parsers_gson: gson 0.2.1
			org_quiltmc_parsers_json: json 0.2.1
	Launched Version: 26.3-Fabric 0.19.5
	Launcher name: PCL
	Backend library: LWJGL version 3.4.3-snapshot
	Window size: <not initialized>
	Surface Info: <no surface>
	SDL Platform: Windows
	Graphics Device: <none>
	GL debug messages: <no renderer available>
	Is Modded: Definitely; Client brand changed to 'fabric'
	Universe: 404
	Type: Client
	Locale: zh_CN
	System encoding: GBK
	File encoding: UTF-8
	CPU: 16x AMD Ryzen 7 7700 8-Core Processor 
#@!@# Game crashed! Crash report saved to: #@!@# D:\DOWLOD\.minecraft\versions\26.3-Fabric 0.19.5\crash-reports\crash-2026-09-22_17.32.44-client.txt