commit: 4a727fe8b2b9fc50b33b1161af70fcfbf68b82ac
ref: arena/01a0c563-tacztweaks-unofficial
Fetching distribution.
Downloading https://services.gradle.org/distributions/gradle-9.5.1-bin.zip
.............10%.............20%..............30%.............40%.............50%..............60%.............70%..............80%.............90%.............100%
WARNING: A restricted method in java.lang.System has been called
WARNING: java.lang.System::load has been called by net.rubygrapefruit.platform.internal.NativeLibraryLoader in an unnamed module (file:/home/runner/.gradle/wrapper/dists/gradle-9.5.1-bin/iq79hdu3mqx29lgffhp8bfmx/gradle-9.5.1/lib/native-platform-0.22-milestone-29.jar)
WARNING: Use --enable-native-access=ALL-UNNAMED to avoid a warning for callers in this module
WARNING: Restricted methods will be blocked in a future release unless native access is enabled


Welcome to Gradle 9.5.1!

Here are the highlights of this release:
 - Task provenance in reports and failure messages
 - Type-safe accessors for precompiled Kotlin Settings plugins

For more details see https://docs.gradle.org/9.5.1/release-notes.html

To honour the JVM settings for this build a single-use Daemon process will be forked. For more on this, please refer to https://docs.gradle.org/9.5.1/userguide/gradle_daemon.html#sec:disabling_the_daemon in the Gradle documentation.
Daemon will be stopped at the end of the build 

> Configure project :
Fabric Loom: 1.17.21

> Task :checkVendoredDependencies
VENDORED DEPENDENCY NOT PINNED: libs/yacl-fabric.jar -> sha256 c52d41d444522d9abba994cd4c4ee2e71a065d7c31010f92a9959b80ccb4b0f5
VENDORED DEPENDENCIES: 2 files, 1 NOT pinned:
  libs/yacl-fabric.jar  c52d41d444522d9abba994cd4c4ee2e71a065d7c31010f92a9959b80ccb4b0f5
Pin these in RESOURCE_IMPORT_MANIFEST.tsv before publishing a release.

> Task :checkKotlinGradlePluginConfigurationErrors SKIPPED
> Task :compileKotlin
> Task :compileJava
gradle/actions: Writing build results to /home/runner/work/_temp/.gradle-actions/build-results/__run_2-1790065881210.json

BUILD SUCCESSFUL in 1m 40s
3 actionable tasks: 3 executed
Consider enabling configuration cache to speed up this build: https://docs.gradle.org/9.5.1/userguide/configuration_cache_enabling.html

== job status: success ==
